[2020-08-03 05:24:48] production.ERROR: Command "server" is not defined.

Did you mean one of these?
    make:observer
    serve {"exception":"[object] (Symfony\\Component\\Console\\Exception\\CommandNotFoundException(code: 0): Command \"server\" is not defined.

Did you mean one of these?
    make:observer
    serve at C:\\xampp\\htdocs\\Project\\MTSc\\Sosecure.co.th\\threat-intelligent-center\\vendor\\symfony\\console\\Application.php:639)
[stacktrace]
#0 C:\\xampp\\htdocs\\Project\\MTSc\\Sosecure.co.th\\threat-intelligent-center\\vendor\\symfony\\console\\Application.php(233): Symfony\\Component\\Console\\Application->find('server')
#1 C:\\xampp\\htdocs\\Project\\MTSc\\Sosecure.co.th\\threat-intelligent-center\\vendor\\symfony\\console\\Application.php(145): Symfony\\Component\\Console\\Application->doRun(Object(Symfony\\Component\\Console\\Input\\ArgvInput), Object(Symfony\\Component\\Console\\Output\\ConsoleOutput))
#2 C:\\xampp\\htdocs\\Project\\MTSc\\Sosecure.co.th\\threat-intelligent-center\\vendor\\laravel\\framework\\src\\Illuminate\\Console\\Application.php(89): Symfony\\Component\\Console\\Application->run(Object(Symfony\\Component\\Console\\Input\\ArgvInput), Object(Symfony\\Component\\Console\\Output\\ConsoleOutput))
#3 C:\\xampp\\htdocs\\Project\\MTSc\\Sosecure.co.th\\threat-intelligent-center\\vendor\\laravel\\framework\\src\\Illuminate\\Foundation\\Console\\Kernel.php(122): Illuminate\\Console\\Application->run(Object(Symfony\\Component\\Console\\Input\\ArgvInput), Object(Symfony\\Component\\Console\\Output\\ConsoleOutput))
#4 C:\\xampp\\htdocs\\Project\\MTSc\\Sosecure.co.th\\threat-intelligent-center\\artisan(35): Illuminate\\Foundation\\Console\\Kernel->handle(Object(Symfony\\Component\\Console\\Input\\ArgvInput), Object(Symfony\\Component\\Console\\Output\\ConsoleOutput))
#5 {main}
"} 
[2020-08-03 05:38:47] production.ERROR: SQLSTATE[42S02]: Base table or view not found: 1146 Table 'sosecure_threatintelligent_dev.fx_language_lines' doesn't exist (SQL: select * from `fx_language_lines` where `group` = validation) {"exception":"[object] (Illuminate\\Database\\QueryException(code: 42S02): SQLSTATE[42S02]: Base table or view not found: 1146 Table 'sosecure_threatintelligent_dev.fx_language_lines' doesn't exist (SQL: select * from `fx_language_lines` where `group` = validation) at C:\\xampp\\htdocs\\Project\\MTSc\\Sosecure.co.th\\threat-intelligent-center\\vendor\\laravel\\framework\\src\\Illuminate\\Database\\Connection.php:664, PDOException(code: 42S02): SQLSTATE[42S02]: Base table or view not found: 1146 Table 'sosecure_threatintelligent_dev.fx_language_lines' doesn't exist at C:\\xampp\\htdocs\\Project\\MTSc\\Sosecure.co.th\\threat-intelligent-center\\vendor\\laravel\\framework\\src\\Illuminate\\Database\\Connection.php:326)
[stacktrace]
#0 C:\\xampp\\htdocs\\Project\\MTSc\\Sosecure.co.th\\threat-intelligent-center\\vendor\\laravel\\framework\\src\\Illuminate\\Database\\Connection.php(624): Illuminate\\Database\\Connection->runQueryCallback('select * from `...', Array, Object(Closure))
#1 C:\\xampp\\htdocs\\Project\\MTSc\\Sosecure.co.th\\threat-intelligent-center\\vendor\\laravel\\framework\\src\\Illuminate\\Database\\Connection.php(333): Illuminate\\Database\\Connection->run('select * from `...', Array, Object(Closure))
#2 C:\\xampp\\htdocs\\Project\\MTSc\\Sosecure.co.th\\threat-intelligent-center\\vendor\\laravel\\framework\\src\\Illuminate\\Database\\Query\\Builder.php(2095): Illuminate\\Database\\Connection->select('select * from `...', Array, true)
#3 C:\\xampp\\htdocs\\Project\\MTSc\\Sosecure.co.th\\threat-intelligent-center\\vendor\\laravel\\framework\\src\\Illuminate\\Database\\Query\\Builder.php(2083): Illuminate\\Database\\Query\\Builder->runSelect()
#4 C:\\xampp\\htdocs\\Project\\MTSc\\Sosecure.co.th\\threat-intelligent-center\\vendor\\laravel\\framework\\src\\Illuminate\\Database\\Query\\Builder.php(2569): Illuminate\\Database\\Query\\Builder->Illuminate\\Database\\Query\\{closure}()
#5 C:\\xampp\\htdocs\\Project\\MTSc\\Sosecure.co.th\\threat-intelligent-center\\vendor\\laravel\\framework\\src\\Illuminate\\Database\\Query\\Builder.php(2084): Illuminate\\Database\\Query\\Builder->onceWithColumns(Array, Object(Closure))
#6 C:\\xampp\\htdocs\\Project\\MTSc\\Sosecure.co.th\\threat-intelligent-center\\vendor\\laravel\\framework\\src\\Illuminate\\Database\\Eloquent\\Builder.php(519): Illuminate\\Database\\Query\\Builder->get(Array)
#7 C:\\xampp\\htdocs\\Project\\MTSc\\Sosecure.co.th\\threat-intelligent-center\\vendor\\laravel\\framework\\src\\Illuminate\\Database\\Eloquent\\Builder.php(503): Illuminate\\Database\\Eloquent\\Builder->getModels(Array)
#8 C:\\xampp\\htdocs\\Project\\MTSc\\Sosecure.co.th\\threat-intelligent-center\\vendor\\spatie\\laravel-translation-loader\\src\\LanguageLine.php(36): Illuminate\\Database\\Eloquent\\Builder->get()
#9 C:\\xampp\\htdocs\\Project\\MTSc\\Sosecure.co.th\\threat-intelligent-center\\vendor\\laravel\\framework\\src\\Illuminate\\Cache\\Repository.php(375): Spatie\\TranslationLoader\\LanguageLine::Spatie\\TranslationLoader\\{closure}()
#10 C:\\xampp\\htdocs\\Project\\MTSc\\Sosecure.co.th\\threat-intelligent-center\\vendor\\laravel\\framework\\src\\Illuminate\\Cache\\CacheManager.php(323): Illuminate\\Cache\\Repository->rememberForever('spatie.translat...', Object(Closure))
#11 C:\\xampp\\htdocs\\Project\\MTSc\\Sosecure.co.th\\threat-intelligent-center\\vendor\\laravel\\framework\\src\\Illuminate\\Support\\Facades\\Facade.php(237): Illuminate\\Cache\\CacheManager->__call('rememberForever', Array)
#12 C:\\xampp\\htdocs\\Project\\MTSc\\Sosecure.co.th\\threat-intelligent-center\\vendor\\spatie\\laravel-translation-loader\\src\\LanguageLine.php(45): Illuminate\\Support\\Facades\\Facade::__callStatic('rememberForever', Array)
#13 C:\\xampp\\htdocs\\Project\\MTSc\\Sosecure.co.th\\threat-intelligent-center\\vendor\\spatie\\laravel-translation-loader\\src\\TranslationLoaders\\Db.php(14): Spatie\\TranslationLoader\\LanguageLine::getTranslationsForGroup('en', 'validation')
#14 C:\\xampp\\htdocs\\Project\\MTSc\\Sosecure.co.th\\threat-intelligent-center\\vendor\\spatie\\laravel-translation-loader\\src\\TranslationLoaderManager.php(42): Spatie\\TranslationLoader\\TranslationLoaders\\Db->loadTranslations('en', 'validation', '*')
#15 C:\\xampp\\htdocs\\Project\\MTSc\\Sosecure.co.th\\threat-intelligent-center\\vendor\\laravel\\framework\\src\\Illuminate\\Support\\Collection.php(1111): Spatie\\TranslationLoader\\TranslationLoaderManager->Spatie\\TranslationLoader\\{closure}(Object(Spatie\\TranslationLoader\\TranslationLoaders\\Db), 0)
#16 C:\\xampp\\htdocs\\Project\\MTSc\\Sosecure.co.th\\threat-intelligent-center\\vendor\\spatie\\laravel-translation-loader\\src\\TranslationLoaderManager.php(43): Illuminate\\Support\\Collection->mapWithKeys(Object(Closure))
#17 C:\\xampp\\htdocs\\Project\\MTSc\\Sosecure.co.th\\threat-intelligent-center\\vendor\\spatie\\laravel-translation-loader\\src\\TranslationLoaderManager.php(27): Spatie\\TranslationLoader\\TranslationLoaderManager->getTranslationsForTranslationLoaders('en', 'validation', '*')
#18 C:\\xampp\\htdocs\\Project\\MTSc\\Sosecure.co.th\\threat-intelligent-center\\vendor\\laravel\\framework\\src\\Illuminate\\Translation\\Translator.php(328): Spatie\\TranslationLoader\\TranslationLoaderManager->load('en', 'validation', '*')
#19 C:\\xampp\\htdocs\\Project\\MTSc\\Sosecure.co.th\\threat-intelligent-center\\vendor\\laravel\\framework\\src\\Illuminate\\Translation\\Translator.php(240): Illuminate\\Translation\\Translator->load('*', 'validation', 'en')
#20 C:\\xampp\\htdocs\\Project\\MTSc\\Sosecure.co.th\\threat-intelligent-center\\vendor\\laravel\\framework\\src\\Illuminate\\Translation\\Translator.php(125): Illuminate\\Translation\\Translator->getLine('*', 'validation', 'en', 'custom.database...', Array)
#21 C:\\xampp\\htdocs\\Project\\MTSc\\Sosecure.co.th\\threat-intelligent-center\\vendor\\laravel\\framework\\src\\Illuminate\\Translation\\Translator.php(101): Illuminate\\Translation\\Translator->get('validation.cust...', Array, 'en')
#22 C:\\xampp\\htdocs\\Project\\MTSc\\Sosecure.co.th\\threat-intelligent-center\\vendor\\laravel\\framework\\src\\Illuminate\\Validation\\Concerns\\FormatsMessages.php(116): Illuminate\\Translation\\Translator->trans('validation.cust...')
#23 C:\\xampp\\htdocs\\Project\\MTSc\\Sosecure.co.th\\threat-intelligent-center\\vendor\\laravel\\framework\\src\\Illuminate\\Validation\\Concerns\\FormatsMessages.php(35): Illuminate\\Validation\\Validator->getCustomMessageFromTranslator('validation.cust...')
#24 C:\\xampp\\htdocs\\Project\\MTSc\\Sosecure.co.th\\threat-intelligent-center\\vendor\\laravel\\framework\\src\\Illuminate\\Validation\\Validator.php(625): Illuminate\\Validation\\Validator->getMessage('database_hostna...', 'Max')
#25 C:\\xampp\\htdocs\\Project\\MTSc\\Sosecure.co.th\\threat-intelligent-center\\vendor\\laravel\\framework\\src\\Illuminate\\Validation\\Validator.php(399): Illuminate\\Validation\\Validator->addFailure('database_hostna...', 'Max', Array)
#26 C:\\xampp\\htdocs\\Project\\MTSc\\Sosecure.co.th\\threat-intelligent-center\\vendor\\laravel\\framework\\src\\Illuminate\\Validation\\Validator.php(277): Illuminate\\Validation\\Validator->validateAttribute('database_hostna...', 'Max')
#27 C:\\xampp\\htdocs\\Project\\MTSc\\Sosecure.co.th\\threat-intelligent-center\\vendor\\laravel\\framework\\src\\Illuminate\\Validation\\Validator.php(302): Illuminate\\Validation\\Validator->passes()
#28 C:\\xampp\\htdocs\\Project\\MTSc\\Sosecure.co.th\\threat-intelligent-center\\Modules\\Installer\\Http\\Controllers\\EnvironmentController.php(91): Illuminate\\Validation\\Validator->fails()
#29 [internal function]: Modules\\Installer\\Http\\Controllers\\EnvironmentController->saveWizard(Object(Illuminate\\Http\\Request), Object(Illuminate\\Routing\\Redirector))
#30 C:\\xampp\\htdocs\\Project\\MTSc\\Sosecure.co.th\\threat-intelligent-center\\vendor\\laravel\\framework\\src\\Illuminate\\Routing\\Controller.php(54): call_user_func_array(Array, Array)
#31 C:\\xampp\\htdocs\\Project\\MTSc\\Sosecure.co.th\\threat-intelligent-center\\vendor\\laravel\\framework\\src\\Illuminate\\Routing\\ControllerDispatcher.php(45): Illuminate\\Routing\\Controller->callAction('saveWizard', Array)
#32 C:\\xampp\\htdocs\\Project\\MTSc\\Sosecure.co.th\\threat-intelligent-center\\vendor\\laravel\\framework\\src\\Illuminate\\Routing\\Route.php(219): Illuminate\\Routing\\ControllerDispatcher->dispatch(Object(Illuminate\\Routing\\Route), Object(Modules\\Installer\\Http\\Controllers\\EnvironmentController), 'saveWizard')
#33 C:\\xampp\\htdocs\\Project\\MTSc\\Sosecure.co.th\\threat-intelligent-center\\vendor\\laravel\\framework\\src\\Illuminate\\Routing\\Route.php(176): Illuminate\\Routing\\Route->runController()
#34 C:\\xampp\\htdocs\\Project\\MTSc\\Sosecure.co.th\\threat-intelligent-center\\vendor\\laravel\\framework\\src\\Illuminate\\Routing\\Router.php(682): Illuminate\\Routing\\Route->run()
#35 C:\\xampp\\htdocs\\Project\\MTSc\\Sosecure.co.th\\threat-intelligent-center\\vendor\\laravel\\framework\\src\\Illuminate\\Routing\\Pipeline.php(30): Illuminate\\Routing\\Router->Illuminate\\Routing\\{closure}(Object(Illuminate\\Http\\Request))
#36 C:\\xampp\\htdocs\\Project\\MTSc\\Sosecure.co.th\\threat-intelligent-center\\Modules\\Installer\\Http\\Middleware\\canInstall.php(46): Illuminate\\Routing\\Pipeline->Illuminate\\Routing\\{closure}(Object(Illuminate\\Http\\Request))
#37 C:\\xampp\\htdocs\\Project\\MTSc\\Sosecure.co.th\\threat-intelligent-center\\vendor\\laravel\\framework\\src\\Illuminate\\Pipeline\\Pipeline.php(163): Modules\\Installer\\Http\\Middleware\\canInstall->handle(Object(Illuminate\\Http\\Request), Object(Closure))
#38 C:\\xampp\\htdocs\\Project\\MTSc\\Sosecure.co.th\\threat-intelligent-center\\vendor\\laravel\\framework\\src\\Illuminate\\Routing\\Pipeline.php(53): Illuminate\\Pipeline\\Pipeline->Illuminate\\Pipeline\\{closure}(Object(Illuminate\\Http\\Request))
#39 C:\\xampp\\htdocs\\Project\\MTSc\\Sosecure.co.th\\threat-intelligent-center\\app\\Http\\Middleware\\CheckBanned.php(17): Illuminate\\Routing\\Pipeline->Illuminate\\Routing\\{closure}(Object(Illuminate\\Http\\Request))
#40 C:\\xampp\\htdocs\\Project\\MTSc\\Sosecure.co.th\\threat-intelligent-center\\vendor\\laravel\\framework\\src\\Illuminate\\Pipeline\\Pipeline.php(163): App\\Http\\Middleware\\CheckBanned->handle(Object(Illuminate\\Http\\Request), Object(Closure))
#41 C:\\xampp\\htdocs\\Project\\MTSc\\Sosecure.co.th\\threat-intelligent-center\\vendor\\laravel\\framework\\src\\Illuminate\\Routing\\Pipeline.php(53): Illuminate\\Pipeline\\Pipeline->Illuminate\\Pipeline\\{closure}(Object(Illuminate\\Http\\Request))
#42 C:\\xampp\\htdocs\\Project\\MTSc\\Sosecure.co.th\\threat-intelligent-center\\app\\Http\\Middleware\\Workice.php(24): Illuminate\\Routing\\Pipeline->Illuminate\\Routing\\{closure}(Object(Illuminate\\Http\\Request))
#43 C:\\xampp\\htdocs\\Project\\MTSc\\Sosecure.co.th\\threat-intelligent-center\\vendor\\laravel\\framework\\src\\Illuminate\\Pipeline\\Pipeline.php(163): App\\Http\\Middleware\\Workice->handle(Object(Illuminate\\Http\\Request), Object(Closure))
#44 C:\\xampp\\htdocs\\Project\\MTSc\\Sosecure.co.th\\threat-intelligent-center\\vendor\\laravel\\framework\\src\\Illuminate\\Routing\\Pipeline.php(53): Illuminate\\Pipeline\\Pipeline->Illuminate\\Pipeline\\{closure}(Object(Illuminate\\Http\\Request))
#45 C:\\xampp\\htdocs\\Project\\MTSc\\Sosecure.co.th\\threat-intelligent-center\\app\\Http\\Middleware\\Locale.php(29): Illuminate\\Routing\\Pipeline->Illuminate\\Routing\\{closure}(Object(Illuminate\\Http\\Request))
#46 C:\\xampp\\htdocs\\Project\\MTSc\\Sosecure.co.th\\threat-intelligent-center\\vendor\\laravel\\framework\\src\\Illuminate\\Pipeline\\Pipeline.php(163): App\\Http\\Middleware\\Locale->handle(Object(Illuminate\\Http\\Request), Object(Closure))
#47 C:\\xampp\\htdocs\\Project\\MTSc\\Sosecure.co.th\\threat-intelligent-center\\vendor\\laravel\\framework\\src\\Illuminate\\Routing\\Pipeline.php(53): Illuminate\\Pipeline\\Pipeline->Illuminate\\Pipeline\\{closure}(Object(Illuminate\\Http\\Request))
#48 C:\\xampp\\htdocs\\Project\\MTSc\\Sosecure.co.th\\threat-intelligent-center\\vendor\\laravel\\passport\\src\\Http\\Middleware\\CreateFreshApiToken.php(50): Illuminate\\Routing\\Pipeline->Illuminate\\Routing\\{closure}(Object(Illuminate\\Http\\Request))
#49 C:\\xampp\\htdocs\\Project\\MTSc\\Sosecure.co.th\\threat-intelligent-center\\vendor\\laravel\\framework\\src\\Illuminate\\Pipeline\\Pipeline.php(163): Laravel\\Passport\\Http\\Middleware\\CreateFreshApiToken->handle(Object(Illuminate\\Http\\Request), Object(Closure))
#50 C:\\xampp\\htdocs\\Project\\MTSc\\Sosecure.co.th\\threat-intelligent-center\\vendor\\laravel\\framework\\src\\Illuminate\\Routing\\Pipeline.php(53): Illuminate\\Pipeline\\Pipeline->Illuminate\\Pipeline\\{closure}(Object(Illuminate\\Http\\Request))
#51 C:\\xampp\\htdocs\\Project\\MTSc\\Sosecure.co.th\\threat-intelligent-center\\vendor\\laravel\\framework\\src\\Illuminate\\Http\\Middleware\\FrameGuard.php(18): Illuminate\\Routing\\Pipeline->Illuminate\\Routing\\{closure}(Object(Illuminate\\Http\\Request))
#52 C:\\xampp\\htdocs\\Project\\MTSc\\Sosecure.co.th\\threat-intelligent-center\\vendor\\laravel\\framework\\src\\Illuminate\\Pipeline\\Pipeline.php(163): Illuminate\\Http\\Middleware\\FrameGuard->handle(Object(Illuminate\\Http\\Request), Object(Closure))
#53 C:\\xampp\\htdocs\\Project\\MTSc\\Sosecure.co.th\\threat-intelligent-center\\vendor\\laravel\\framework\\src\\Illuminate\\Routing\\Pipeline.php(53): Illuminate\\Pipeline\\Pipeline->Illuminate\\Pipeline\\{closure}(Object(Illuminate\\Http\\Request))
#54 C:\\xampp\\htdocs\\Project\\MTSc\\Sosecure.co.th\\threat-intelligent-center\\vendor\\laravel\\framework\\src\\Illuminate\\Routing\\Middleware\\SubstituteBindings.php(41): Illuminate\\Routing\\Pipeline->Illuminate\\Routing\\{closure}(Object(Illuminate\\Http\\Request))
#55 C:\\xampp\\htdocs\\Project\\MTSc\\Sosecure.co.th\\threat-intelligent-center\\vendor\\laravel\\framework\\src\\Illuminate\\Pipeline\\Pipeline.php(163): Illuminate\\Routing\\Middleware\\SubstituteBindings->handle(Object(Illuminate\\Http\\Request), Object(Closure))
#56 C:\\xampp\\htdocs\\Project\\MTSc\\Sosecure.co.th\\threat-intelligent-center\\vendor\\laravel\\framework\\src\\Illuminate\\Routing\\Pipeline.php(53): Illuminate\\Pipeline\\Pipeline->Illuminate\\Pipeline\\{closure}(Object(Illuminate\\Http\\Request))
#57 C:\\xampp\\htdocs\\Project\\MTSc\\Sosecure.co.th\\threat-intelligent-center\\vendor\\laravel\\framework\\src\\Illuminate\\Foundation\\Http\\Middleware\\VerifyCsrfToken.php(75): Illuminate\\Routing\\Pipeline->Illuminate\\Routing\\{closure}(Object(Illuminate\\Http\\Request))
#58 C:\\xampp\\htdocs\\Project\\MTSc\\Sosecure.co.th\\threat-intelligent-center\\vendor\\laravel\\framework\\src\\Illuminate\\Pipeline\\Pipeline.php(163): Illuminate\\Foundation\\Http\\Middleware\\VerifyCsrfToken->handle(Object(Illuminate\\Http\\Request), Object(Closure))
#59 C:\\xampp\\htdocs\\Project\\MTSc\\Sosecure.co.th\\threat-intelligent-center\\vendor\\laravel\\framework\\src\\Illuminate\\Routing\\Pipeline.php(53): Illuminate\\Pipeline\\Pipeline->Illuminate\\Pipeline\\{closure}(Object(Illuminate\\Http\\Request))
#60 C:\\xampp\\htdocs\\Project\\MTSc\\Sosecure.co.th\\threat-intelligent-center\\vendor\\laravel\\framework\\src\\Illuminate\\View\\Middleware\\ShareErrorsFromSession.php(49): Illuminate\\Routing\\Pipeline->Illuminate\\Routing\\{closure}(Object(Illuminate\\Http\\Request))
#61 C:\\xampp\\htdocs\\Project\\MTSc\\Sosecure.co.th\\threat-intelligent-center\\vendor\\laravel\\framework\\src\\Illuminate\\Pipeline\\Pipeline.php(163): Illuminate\\View\\Middleware\\ShareErrorsFromSession->handle(Object(Illuminate\\Http\\Request), Object(Closure))
#62 C:\\xampp\\htdocs\\Project\\MTSc\\Sosecure.co.th\\threat-intelligent-center\\vendor\\laravel\\framework\\src\\Illuminate\\Routing\\Pipeline.php(53): Illuminate\\Pipeline\\Pipeline->Illuminate\\Pipeline\\{closure}(Object(Illuminate\\Http\\Request))
#63 C:\\xampp\\htdocs\\Project\\MTSc\\Sosecure.co.th\\threat-intelligent-center\\vendor\\laravel\\framework\\src\\Illuminate\\Session\\Middleware\\StartSession.php(63): Illuminate\\Routing\\Pipeline->Illuminate\\Routing\\{closure}(Object(Illuminate\\Http\\Request))
#64 C:\\xampp\\htdocs\\Project\\MTSc\\Sosecure.co.th\\threat-intelligent-center\\vendor\\laravel\\framework\\src\\Illuminate\\Pipeline\\Pipeline.php(163): Illuminate\\Session\\Middleware\\StartSession->handle(Object(Illuminate\\Http\\Request), Object(Closure))
#65 C:\\xampp\\htdocs\\Project\\MTSc\\Sosecure.co.th\\threat-intelligent-center\\vendor\\laravel\\framework\\src\\Illuminate\\Routing\\Pipeline.php(53): Illuminate\\Pipeline\\Pipeline->Illuminate\\Pipeline\\{closure}(Object(Illuminate\\Http\\Request))
#66 C:\\xampp\\htdocs\\Project\\MTSc\\Sosecure.co.th\\threat-intelligent-center\\vendor\\laravel\\framework\\src\\Illuminate\\Cookie\\Middleware\\AddQueuedCookiesToResponse.php(37): Illuminate\\Routing\\Pipeline->Illuminate\\Routing\\{closure}(Object(Illuminate\\Http\\Request))
#67 C:\\xampp\\htdocs\\Project\\MTSc\\Sosecure.co.th\\threat-intelligent-center\\vendor\\laravel\\framework\\src\\Illuminate\\Pipeline\\Pipeline.php(163): Illuminate\\Cookie\\Middleware\\AddQueuedCookiesToResponse->handle(Object(Illuminate\\Http\\Request), Object(Closure))
#68 C:\\xampp\\htdocs\\Project\\MTSc\\Sosecure.co.th\\threat-intelligent-center\\vendor\\laravel\\framework\\src\\Illuminate\\Routing\\Pipeline.php(53): Illuminate\\Pipeline\\Pipeline->Illuminate\\Pipeline\\{closure}(Object(Illuminate\\Http\\Request))
#69 C:\\xampp\\htdocs\\Project\\MTSc\\Sosecure.co.th\\threat-intelligent-center\\vendor\\laravel\\framework\\src\\Illuminate\\Cookie\\Middleware\\EncryptCookies.php(66): Illuminate\\Routing\\Pipeline->Illuminate\\Routing\\{closure}(Object(Illuminate\\Http\\Request))
#70 C:\\xampp\\htdocs\\Project\\MTSc\\Sosecure.co.th\\threat-intelligent-center\\vendor\\laravel\\framework\\src\\Illuminate\\Pipeline\\Pipeline.php(163): Illuminate\\Cookie\\Middleware\\EncryptCookies->handle(Object(Illuminate\\Http\\Request), Object(Closure))
#71 C:\\xampp\\htdocs\\Project\\MTSc\\Sosecure.co.th\\threat-intelligent-center\\vendor\\laravel\\framework\\src\\Illuminate\\Routing\\Pipeline.php(53): Illuminate\\Pipeline\\Pipeline->Illuminate\\Pipeline\\{closure}(Object(Illuminate\\Http\\Request))
#72 C:\\xampp\\htdocs\\Project\\MTSc\\Sosecure.co.th\\threat-intelligent-center\\vendor\\laravel\\framework\\src\\Illuminate\\Pipeline\\Pipeline.php(104): Illuminate\\Routing\\Pipeline->Illuminate\\Routing\\{closure}(Object(Illuminate\\Http\\Request))
#73 C:\\xampp\\htdocs\\Project\\MTSc\\Sosecure.co.th\\threat-intelligent-center\\vendor\\laravel\\framework\\src\\Illuminate\\Routing\\Router.php(684): Illuminate\\Pipeline\\Pipeline->then(Object(Closure))
#74 C:\\xampp\\htdocs\\Project\\MTSc\\Sosecure.co.th\\threat-intelligent-center\\vendor\\laravel\\framework\\src\\Illuminate\\Routing\\Router.php(659): Illuminate\\Routing\\Router->runRouteWithinStack(Object(Illuminate\\Routing\\Route), Object(Illuminate\\Http\\Request))
#75 C:\\xampp\\htdocs\\Project\\MTSc\\Sosecure.co.th\\threat-intelligent-center\\vendor\\laravel\\framework\\src\\Illuminate\\Routing\\Router.php(625): Illuminate\\Routing\\Router->runRoute(Object(Illuminate\\Http\\Request), Object(Illuminate\\Routing\\Route))
#76 C:\\xampp\\htdocs\\Project\\MTSc\\Sosecure.co.th\\threat-intelligent-center\\vendor\\laravel\\framework\\src\\Illuminate\\Routing\\Router.php(614): Illuminate\\Routing\\Router->dispatchToRoute(Object(Illuminate\\Http\\Request))
#77 C:\\xampp\\htdocs\\Project\\MTSc\\Sosecure.co.th\\threat-intelligent-center\\vendor\\laravel\\framework\\src\\Illuminate\\Foundation\\Http\\Kernel.php(176): Illuminate\\Routing\\Router->dispatch(Object(Illuminate\\Http\\Request))
#78 C:\\xampp\\htdocs\\Project\\MTSc\\Sosecure.co.th\\threat-intelligent-center\\vendor\\laravel\\framework\\src\\Illuminate\\Routing\\Pipeline.php(30): Illuminate\\Foundation\\Http\\Kernel->Illuminate\\Foundation\\Http\\{closure}(Object(Illuminate\\Http\\Request))
#79 C:\\xampp\\htdocs\\Project\\MTSc\\Sosecure.co.th\\threat-intelligent-center\\app\\Http\\Middleware\\OverrideConfig.php(22): Illuminate\\Routing\\Pipeline->Illuminate\\Routing\\{closure}(Object(Illuminate\\Http\\Request))
#80 C:\\xampp\\htdocs\\Project\\MTSc\\Sosecure.co.th\\threat-intelligent-center\\vendor\\laravel\\framework\\src\\Illuminate\\Pipeline\\Pipeline.php(163): App\\Http\\Middleware\\OverrideConfig->handle(Object(Illuminate\\Http\\Request), Object(Closure))
#81 C:\\xampp\\htdocs\\Project\\MTSc\\Sosecure.co.th\\threat-intelligent-center\\vendor\\laravel\\framework\\src\\Illuminate\\Routing\\Pipeline.php(53): Illuminate\\Pipeline\\Pipeline->Illuminate\\Pipeline\\{closure}(Object(Illuminate\\Http\\Request))
#82 C:\\xampp\\htdocs\\Project\\MTSc\\Sosecure.co.th\\threat-intelligent-center\\vendor\\fideloper\\proxy\\src\\TrustProxies.php(57): Illuminate\\Routing\\Pipeline->Illuminate\\Routing\\{closure}(Object(Illuminate\\Http\\Request))
#83 C:\\xampp\\htdocs\\Project\\MTSc\\Sosecure.co.th\\threat-intelligent-center\\vendor\\laravel\\framework\\src\\Illuminate\\Pipeline\\Pipeline.php(163): Fideloper\\Proxy\\TrustProxies->handle(Object(Illuminate\\Http\\Request), Object(Closure))
#84 C:\\xampp\\htdocs\\Project\\MTSc\\Sosecure.co.th\\threat-intelligent-center\\vendor\\laravel\\framework\\src\\Illuminate\\Routing\\Pipeline.php(53): Illuminate\\Pipeline\\Pipeline->Illuminate\\Pipeline\\{closure}(Object(Illuminate\\Http\\Request))
#85 C:\\xampp\\htdocs\\Project\\MTSc\\Sosecure.co.th\\threat-intelligent-center\\vendor\\bepsvpt\\secure-headers\\src\\SecureHeadersMiddleware.php(21): Illuminate\\Routing\\Pipeline->Illuminate\\Routing\\{closure}(Object(Illuminate\\Http\\Request))
#86 C:\\xampp\\htdocs\\Project\\MTSc\\Sosecure.co.th\\threat-intelligent-center\\vendor\\laravel\\framework\\src\\Illuminate\\Pipeline\\Pipeline.php(163): Bepsvpt\\SecureHeaders\\SecureHeadersMiddleware->handle(Object(Illuminate\\Http\\Request), Object(Closure))
#87 C:\\xampp\\htdocs\\Project\\MTSc\\Sosecure.co.th\\threat-intelligent-center\\vendor\\laravel\\framework\\src\\Illuminate\\Routing\\Pipeline.php(53): Illuminate\\Pipeline\\Pipeline->Illuminate\\Pipeline\\{closure}(Object(Illuminate\\Http\\Request))
#88 C:\\xampp\\htdocs\\Project\\MTSc\\Sosecure.co.th\\threat-intelligent-center\\app\\Http\\Middleware\\FilterIfPjax.php(27): Illuminate\\Routing\\Pipeline->Illuminate\\Routing\\{closure}(Object(Illuminate\\Http\\Request))
#89 C:\\xampp\\htdocs\\Project\\MTSc\\Sosecure.co.th\\threat-intelligent-center\\vendor\\laravel\\framework\\src\\Illuminate\\Pipeline\\Pipeline.php(163): App\\Http\\Middleware\\FilterIfPjax->handle(Object(Illuminate\\Http\\Request), Object(Closure))
#90 C:\\xampp\\htdocs\\Project\\MTSc\\Sosecure.co.th\\threat-intelligent-center\\vendor\\laravel\\framework\\src\\Illuminate\\Routing\\Pipeline.php(53): Illuminate\\Pipeline\\Pipeline->Illuminate\\Pipeline\\{closure}(Object(Illuminate\\Http\\Request))
#91 C:\\xampp\\htdocs\\Project\\MTSc\\Sosecure.co.th\\threat-intelligent-center\\app\\Http\\Middleware\\CheckXSS.php(27): Illuminate\\Routing\\Pipeline->Illuminate\\Routing\\{closure}(Object(Illuminate\\Http\\Request))
#92 C:\\xampp\\htdocs\\Project\\MTSc\\Sosecure.co.th\\threat-intelligent-center\\vendor\\laravel\\framework\\src\\Illuminate\\Pipeline\\Pipeline.php(163): App\\Http\\Middleware\\CheckXSS->handle(Object(Illuminate\\Http\\Request), Object(Closure))
#93 C:\\xampp\\htdocs\\Project\\MTSc\\Sosecure.co.th\\threat-intelligent-center\\vendor\\laravel\\framework\\src\\Illuminate\\Routing\\Pipeline.php(53): Illuminate\\Pipeline\\Pipeline->Illuminate\\Pipeline\\{closure}(Object(Illuminate\\Http\\Request))
#94 C:\\xampp\\htdocs\\Project\\MTSc\\Sosecure.co.th\\threat-intelligent-center\\vendor\enatomarinho\\laravel-page-speed\\src\\Middleware\\PageSpeed.php(28): Illuminate\\Routing\\Pipeline->Illuminate\\Routing\\{closure}(Object(Illuminate\\Http\\Request))
#95 C:\\xampp\\htdocs\\Project\\MTSc\\Sosecure.co.th\\threat-intelligent-center\\vendor\\laravel\\framework\\src\\Illuminate\\Pipeline\\Pipeline.php(163): RenatoMarinho\\LaravelPageSpeed\\Middleware\\PageSpeed->handle(Object(Illuminate\\Http\\Request), Object(Closure))
#96 C:\\xampp\\htdocs\\Project\\MTSc\\Sosecure.co.th\\threat-intelligent-center\\vendor\\laravel\\framework\\src\\Illuminate\\Routing\\Pipeline.php(53): Illuminate\\Pipeline\\Pipeline->Illuminate\\Pipeline\\{closure}(Object(Illuminate\\Http\\Request))
#97 C:\\xampp\\htdocs\\Project\\MTSc\\Sosecure.co.th\\threat-intelligent-center\\vendor\enatomarinho\\laravel-page-speed\\src\\Middleware\\PageSpeed.php(28): Illuminate\\Routing\\Pipeline->Illuminate\\Routing\\{closure}(Object(Illuminate\\Http\\Request))
#98 C:\\xampp\\htdocs\\Project\\MTSc\\Sosecure.co.th\\threat-intelligent-center\\vendor\\laravel\\framework\\src\\Illuminate\\Pipeline\\Pipeline.php(163): RenatoMarinho\\LaravelPageSpeed\\Middleware\\PageSpeed->handle(Object(Illuminate\\Http\\Request), Object(Closure))
#99 C:\\xampp\\htdocs\\Project\\MTSc\\Sosecure.co.th\\threat-intelligent-center\\vendor\\laravel\\framework\\src\\Illuminate\\Routing\\Pipeline.php(53): Illuminate\\Pipeline\\Pipeline->Illuminate\\Pipeline\\{closure}(Object(Illuminate\\Http\\Request))
#100 C:\\xampp\\htdocs\\Project\\MTSc\\Sosecure.co.th\\threat-intelligent-center\\vendor\enatomarinho\\laravel-page-speed\\src\\Middleware\\PageSpeed.php(28): Illuminate\\Routing\\Pipeline->Illuminate\\Routing\\{closure}(Object(Illuminate\\Http\\Request))
#101 C:\\xampp\\htdocs\\Project\\MTSc\\Sosecure.co.th\\threat-intelligent-center\\vendor\\laravel\\framework\\src\\Illuminate\\Pipeline\\Pipeline.php(163): RenatoMarinho\\LaravelPageSpeed\\Middleware\\PageSpeed->handle(Object(Illuminate\\Http\\Request), Object(Closure))
#102 C:\\xampp\\htdocs\\Project\\MTSc\\Sosecure.co.th\\threat-intelligent-center\\vendor\\laravel\\framework\\src\\Illuminate\\Routing\\Pipeline.php(53): Illuminate\\Pipeline\\Pipeline->Illuminate\\Pipeline\\{closure}(Object(Illuminate\\Http\\Request))
#103 C:\\xampp\\htdocs\\Project\\MTSc\\Sosecure.co.th\\threat-intelligent-center\\vendor\\laravel\\framework\\src\\Illuminate\\Foundation\\Http\\Middleware\\TransformsRequest.php(31): Illuminate\\Routing\\Pipeline->Illuminate\\Routing\\{closure}(Object(Illuminate\\Http\\Request))
#104 C:\\xampp\\htdocs\\Project\\MTSc\\Sosecure.co.th\\threat-intelligent-center\\vendor\\laravel\\framework\\src\\Illuminate\\Pipeline\\Pipeline.php(163): Illuminate\\Foundation\\Http\\Middleware\\TransformsRequest->handle(Object(Illuminate\\Http\\Request), Object(Closure))
#105 C:\\xampp\\htdocs\\Project\\MTSc\\Sosecure.co.th\\threat-intelligent-center\\vendor\\laravel\\framework\\src\\Illuminate\\Routing\\Pipeline.php(53): Illuminate\\Pipeline\\Pipeline->Illuminate\\Pipeline\\{closure}(Object(Illuminate\\Http\\Request))
#106 C:\\xampp\\htdocs\\Project\\MTSc\\Sosecure.co.th\\threat-intelligent-center\\vendor\\laravel\\framework\\src\\Illuminate\\Foundation\\Http\\Middleware\\TransformsRequest.php(31): Illuminate\\Routing\\Pipeline->Illuminate\\Routing\\{closure}(Object(Illuminate\\Http\\Request))
#107 C:\\xampp\\htdocs\\Project\\MTSc\\Sosecure.co.th\\threat-intelligent-center\\vendor\\laravel\\framework\\src\\Illuminate\\Pipeline\\Pipeline.php(163): Illuminate\\Foundation\\Http\\Middleware\\TransformsRequest->handle(Object(Illuminate\\Http\\Request), Object(Closure))
#108 C:\\xampp\\htdocs\\Project\\MTSc\\Sosecure.co.th\\threat-intelligent-center\\vendor\\laravel\\framework\\src\\Illuminate\\Routing\\Pipeline.php(53): Illuminate\\Pipeline\\Pipeline->Illuminate\\Pipeline\\{closure}(Object(Illuminate\\Http\\Request))
#109 C:\\xampp\\htdocs\\Project\\MTSc\\Sosecure.co.th\\threat-intelligent-center\\vendor\\laravel\\framework\\src\\Illuminate\\Foundation\\Http\\Middleware\\ValidatePostSize.php(27): Illuminate\\Routing\\Pipeline->Illuminate\\Routing\\{closure}(Object(Illuminate\\Http\\Request))
#110 C:\\xampp\\htdocs\\Project\\MTSc\\Sosecure.co.th\\threat-intelligent-center\\vendor\\laravel\\framework\\src\\Illuminate\\Pipeline\\Pipeline.php(163): Illuminate\\Foundation\\Http\\Middleware\\ValidatePostSize->handle(Object(Illuminate\\Http\\Request), Object(Closure))
#111 C:\\xampp\\htdocs\\Project\\MTSc\\Sosecure.co.th\\threat-intelligent-center\\vendor\\laravel\\framework\\src\\Illuminate\\Routing\\Pipeline.php(53): Illuminate\\Pipeline\\Pipeline->Illuminate\\Pipeline\\{closure}(Object(Illuminate\\Http\\Request))
#112 C:\\xampp\\htdocs\\Project\\MTSc\\Sosecure.co.th\\threat-intelligent-center\\vendor\\laravel\\framework\\src\\Illuminate\\Foundation\\Http\\Middleware\\CheckForMaintenanceMode.php(62): Illuminate\\Routing\\Pipeline->Illuminate\\Routing\\{closure}(Object(Illuminate\\Http\\Request))
#113 C:\\xampp\\htdocs\\Project\\MTSc\\Sosecure.co.th\\threat-intelligent-center\\vendor\\laravel\\framework\\src\\Illuminate\\Pipeline\\Pipeline.php(163): Illuminate\\Foundation\\Http\\Middleware\\CheckForMaintenanceMode->handle(Object(Illuminate\\Http\\Request), Object(Closure))
#114 C:\\xampp\\htdocs\\Project\\MTSc\\Sosecure.co.th\\threat-intelligent-center\\vendor\\laravel\\framework\\src\\Illuminate\\Routing\\Pipeline.php(53): Illuminate\\Pipeline\\Pipeline->Illuminate\\Pipeline\\{closure}(Object(Illuminate\\Http\\Request))
#115 C:\\xampp\\htdocs\\Project\\MTSc\\Sosecure.co.th\\threat-intelligent-center\\vendor\\laravel\\framework\\src\\Illuminate\\Pipeline\\Pipeline.php(104): Illuminate\\Routing\\Pipeline->Illuminate\\Routing\\{closure}(Object(Illuminate\\Http\\Request))
#116 C:\\xampp\\htdocs\\Project\\MTSc\\Sosecure.co.th\\threat-intelligent-center\\vendor\\laravel\\framework\\src\\Illuminate\\Foundation\\Http\\Kernel.php(151): Illuminate\\Pipeline\\Pipeline->then(Object(Closure))
#117 C:\\xampp\\htdocs\\Project\\MTSc\\Sosecure.co.th\\threat-intelligent-center\\vendor\\laravel\\framework\\src\\Illuminate\\Foundation\\Http\\Kernel.php(116): Illuminate\\Foundation\\Http\\Kernel->sendRequestThroughRouter(Object(Illuminate\\Http\\Request))
#118 C:\\xampp\\htdocs\\Project\\MTSc\\Sosecure.co.th\\threat-intelligent-center\\public\\index.php(53): Illuminate\\Foundation\\Http\\Kernel->handle(Object(Illuminate\\Http\\Request))
#119 C:\\xampp\\htdocs\\Project\\MTSc\\Sosecure.co.th\\threat-intelligent-center\\server.php(21): require_once('C:\\\\xampp\\\\htdocs...')
#120 {main}
"} 
[2020-08-03 05:39:11] production.ERROR: SQLSTATE[42S02]: Base table or view not found: 1146 Table 'sosecure_threatintelligent_dev.fx_language_lines' doesn't exist (SQL: select * from `fx_language_lines` where `group` = validation) {"exception":"[object] (Illuminate\\Database\\QueryException(code: 42S02): SQLSTATE[42S02]: Base table or view not found: 1146 Table 'sosecure_threatintelligent_dev.fx_language_lines' doesn't exist (SQL: select * from `fx_language_lines` where `group` = validation) at C:\\xampp\\htdocs\\Project\\MTSc\\Sosecure.co.th\\threat-intelligent-center\\vendor\\laravel\\framework\\src\\Illuminate\\Database\\Connection.php:664, PDOException(code: 42S02): SQLSTATE[42S02]: Base table or view not found: 1146 Table 'sosecure_threatintelligent_dev.fx_language_lines' doesn't exist at C:\\xampp\\htdocs\\Project\\MTSc\\Sosecure.co.th\\threat-intelligent-center\\vendor\\laravel\\framework\\src\\Illuminate\\Database\\Connection.php:326)
[stacktrace]
#0 C:\\xampp\\htdocs\\Project\\MTSc\\Sosecure.co.th\\threat-intelligent-center\\vendor\\laravel\\framework\\src\\Illuminate\\Database\\Connection.php(624): Illuminate\\Database\\Connection->runQueryCallback('select * from `...', Array, Object(Closure))
#1 C:\\xampp\\htdocs\\Project\\MTSc\\Sosecure.co.th\\threat-intelligent-center\\vendor\\laravel\\framework\\src\\Illuminate\\Database\\Connection.php(333): Illuminate\\Database\\Connection->run('select * from `...', Array, Object(Closure))
#2 C:\\xampp\\htdocs\\Project\\MTSc\\Sosecure.co.th\\threat-intelligent-center\\vendor\\laravel\\framework\\src\\Illuminate\\Database\\Query\\Builder.php(2095): Illuminate\\Database\\Connection->select('select * from `...', Array, true)
#3 C:\\xampp\\htdocs\\Project\\MTSc\\Sosecure.co.th\\threat-intelligent-center\\vendor\\laravel\\framework\\src\\Illuminate\\Database\\Query\\Builder.php(2083): Illuminate\\Database\\Query\\Builder->runSelect()
#4 C:\\xampp\\htdocs\\Project\\MTSc\\Sosecure.co.th\\threat-intelligent-center\\vendor\\laravel\\framework\\src\\Illuminate\\Database\\Query\\Builder.php(2569): Illuminate\\Database\\Query\\Builder->Illuminate\\Database\\Query\\{closure}()
#5 C:\\xampp\\htdocs\\Project\\MTSc\\Sosecure.co.th\\threat-intelligent-center\\vendor\\laravel\\framework\\src\\Illuminate\\Database\\Query\\Builder.php(2084): Illuminate\\Database\\Query\\Builder->onceWithColumns(Array, Object(Closure))
#6 C:\\xampp\\htdocs\\Project\\MTSc\\Sosecure.co.th\\threat-intelligent-center\\vendor\\laravel\\framework\\src\\Illuminate\\Database\\Eloquent\\Builder.php(519): Illuminate\\Database\\Query\\Builder->get(Array)
#7 C:\\xampp\\htdocs\\Project\\MTSc\\Sosecure.co.th\\threat-intelligent-center\\vendor\\laravel\\framework\\src\\Illuminate\\Database\\Eloquent\\Builder.php(503): Illuminate\\Database\\Eloquent\\Builder->getModels(Array)
#8 C:\\xampp\\htdocs\\Project\\MTSc\\Sosecure.co.th\\threat-intelligent-center\\vendor\\spatie\\laravel-translation-loader\\src\\LanguageLine.php(36): Illuminate\\Database\\Eloquent\\Builder->get()
#9 C:\\xampp\\htdocs\\Project\\MTSc\\Sosecure.co.th\\threat-intelligent-center\\vendor\\laravel\\framework\\src\\Illuminate\\Cache\\Repository.php(375): Spatie\\TranslationLoader\\LanguageLine::Spatie\\TranslationLoader\\{closure}()
#10 C:\\xampp\\htdocs\\Project\\MTSc\\Sosecure.co.th\\threat-intelligent-center\\vendor\\laravel\\framework\\src\\Illuminate\\Cache\\CacheManager.php(323): Illuminate\\Cache\\Repository->rememberForever('spatie.translat...', Object(Closure))
#11 C:\\xampp\\htdocs\\Project\\MTSc\\Sosecure.co.th\\threat-intelligent-center\\vendor\\laravel\\framework\\src\\Illuminate\\Support\\Facades\\Facade.php(237): Illuminate\\Cache\\CacheManager->__call('rememberForever', Array)
#12 C:\\xampp\\htdocs\\Project\\MTSc\\Sosecure.co.th\\threat-intelligent-center\\vendor\\spatie\\laravel-translation-loader\\src\\LanguageLine.php(45): Illuminate\\Support\\Facades\\Facade::__callStatic('rememberForever', Array)
#13 C:\\xampp\\htdocs\\Project\\MTSc\\Sosecure.co.th\\threat-intelligent-center\\vendor\\spatie\\laravel-translation-loader\\src\\TranslationLoaders\\Db.php(14): Spatie\\TranslationLoader\\LanguageLine::getTranslationsForGroup('en', 'validation')
#14 C:\\xampp\\htdocs\\Project\\MTSc\\Sosecure.co.th\\threat-intelligent-center\\vendor\\spatie\\laravel-translation-loader\\src\\TranslationLoaderManager.php(42): Spatie\\TranslationLoader\\TranslationLoaders\\Db->loadTranslations('en', 'validation', '*')
#15 C:\\xampp\\htdocs\\Project\\MTSc\\Sosecure.co.th\\threat-intelligent-center\\vendor\\laravel\\framework\\src\\Illuminate\\Support\\Collection.php(1111): Spatie\\TranslationLoader\\TranslationLoaderManager->Spatie\\TranslationLoader\\{closure}(Object(Spatie\\TranslationLoader\\TranslationLoaders\\Db), 0)
#16 C:\\xampp\\htdocs\\Project\\MTSc\\Sosecure.co.th\\threat-intelligent-center\\vendor\\spatie\\laravel-translation-loader\\src\\TranslationLoaderManager.php(43): Illuminate\\Support\\Collection->mapWithKeys(Object(Closure))
#17 C:\\xampp\\htdocs\\Project\\MTSc\\Sosecure.co.th\\threat-intelligent-center\\vendor\\spatie\\laravel-translation-loader\\src\\TranslationLoaderManager.php(27): Spatie\\TranslationLoader\\TranslationLoaderManager->getTranslationsForTranslationLoaders('en', 'validation', '*')
#18 C:\\xampp\\htdocs\\Project\\MTSc\\Sosecure.co.th\\threat-intelligent-center\\vendor\\laravel\\framework\\src\\Illuminate\\Translation\\Translator.php(328): Spatie\\TranslationLoader\\TranslationLoaderManager->load('en', 'validation', '*')
#19 C:\\xampp\\htdocs\\Project\\MTSc\\Sosecure.co.th\\threat-intelligent-center\\vendor\\laravel\\framework\\src\\Illuminate\\Translation\\Translator.php(240): Illuminate\\Translation\\Translator->load('*', 'validation', 'en')
#20 C:\\xampp\\htdocs\\Project\\MTSc\\Sosecure.co.th\\threat-intelligent-center\\vendor\\laravel\\framework\\src\\Illuminate\\Translation\\Translator.php(125): Illuminate\\Translation\\Translator->getLine('*', 'validation', 'en', 'custom.database...', Array)
#21 C:\\xampp\\htdocs\\Project\\MTSc\\Sosecure.co.th\\threat-intelligent-center\\vendor\\laravel\\framework\\src\\Illuminate\\Translation\\Translator.php(101): Illuminate\\Translation\\Translator->get('validation.cust...', Array, 'en')
#22 C:\\xampp\\htdocs\\Project\\MTSc\\Sosecure.co.th\\threat-intelligent-center\\vendor\\laravel\\framework\\src\\Illuminate\\Validation\\Concerns\\FormatsMessages.php(116): Illuminate\\Translation\\Translator->trans('validation.cust...')
#23 C:\\xampp\\htdocs\\Project\\MTSc\\Sosecure.co.th\\threat-intelligent-center\\vendor\\laravel\\framework\\src\\Illuminate\\Validation\\Concerns\\FormatsMessages.php(35): Illuminate\\Validation\\Validator->getCustomMessageFromTranslator('validation.cust...')
#24 C:\\xampp\\htdocs\\Project\\MTSc\\Sosecure.co.th\\threat-intelligent-center\\vendor\\laravel\\framework\\src\\Illuminate\\Validation\\Validator.php(625): Illuminate\\Validation\\Validator->getMessage('database_hostna...', 'Max')
#25 C:\\xampp\\htdocs\\Project\\MTSc\\Sosecure.co.th\\threat-intelligent-center\\vendor\\laravel\\framework\\src\\Illuminate\\Validation\\Validator.php(399): Illuminate\\Validation\\Validator->addFailure('database_hostna...', 'Max', Array)
#26 C:\\xampp\\htdocs\\Project\\MTSc\\Sosecure.co.th\\threat-intelligent-center\\vendor\\laravel\\framework\\src\\Illuminate\\Validation\\Validator.php(277): Illuminate\\Validation\\Validator->validateAttribute('database_hostna...', 'Max')
#27 C:\\xampp\\htdocs\\Project\\MTSc\\Sosecure.co.th\\threat-intelligent-center\\vendor\\laravel\\framework\\src\\Illuminate\\Validation\\Validator.php(302): Illuminate\\Validation\\Validator->passes()
#28 C:\\xampp\\htdocs\\Project\\MTSc\\Sosecure.co.th\\threat-intelligent-center\\Modules\\Installer\\Http\\Controllers\\EnvironmentController.php(91): Illuminate\\Validation\\Validator->fails()
#29 [internal function]: Modules\\Installer\\Http\\Controllers\\EnvironmentController->saveWizard(Object(Illuminate\\Http\\Request), Object(Illuminate\\Routing\\Redirector))
#30 C:\\xampp\\htdocs\\Project\\MTSc\\Sosecure.co.th\\threat-intelligent-center\\vendor\\laravel\\framework\\src\\Illuminate\\Routing\\Controller.php(54): call_user_func_array(Array, Array)
#31 C:\\xampp\\htdocs\\Project\\MTSc\\Sosecure.co.th\\threat-intelligent-center\\vendor\\laravel\\framework\\src\\Illuminate\\Routing\\ControllerDispatcher.php(45): Illuminate\\Routing\\Controller->callAction('saveWizard', Array)
#32 C:\\xampp\\htdocs\\Project\\MTSc\\Sosecure.co.th\\threat-intelligent-center\\vendor\\laravel\\framework\\src\\Illuminate\\Routing\\Route.php(219): Illuminate\\Routing\\ControllerDispatcher->dispatch(Object(Illuminate\\Routing\\Route), Object(Modules\\Installer\\Http\\Controllers\\EnvironmentController), 'saveWizard')
#33 C:\\xampp\\htdocs\\Project\\MTSc\\Sosecure.co.th\\threat-intelligent-center\\vendor\\laravel\\framework\\src\\Illuminate\\Routing\\Route.php(176): Illuminate\\Routing\\Route->runController()
#34 C:\\xampp\\htdocs\\Project\\MTSc\\Sosecure.co.th\\threat-intelligent-center\\vendor\\laravel\\framework\\src\\Illuminate\\Routing\\Router.php(682): Illuminate\\Routing\\Route->run()
#35 C:\\xampp\\htdocs\\Project\\MTSc\\Sosecure.co.th\\threat-intelligent-center\\vendor\\laravel\\framework\\src\\Illuminate\\Routing\\Pipeline.php(30): Illuminate\\Routing\\Router->Illuminate\\Routing\\{closure}(Object(Illuminate\\Http\\Request))
#36 C:\\xampp\\htdocs\\Project\\MTSc\\Sosecure.co.th\\threat-intelligent-center\\Modules\\Installer\\Http\\Middleware\\canInstall.php(46): Illuminate\\Routing\\Pipeline->Illuminate\\Routing\\{closure}(Object(Illuminate\\Http\\Request))
#37 C:\\xampp\\htdocs\\Project\\MTSc\\Sosecure.co.th\\threat-intelligent-center\\vendor\\laravel\\framework\\src\\Illuminate\\Pipeline\\Pipeline.php(163): Modules\\Installer\\Http\\Middleware\\canInstall->handle(Object(Illuminate\\Http\\Request), Object(Closure))
#38 C:\\xampp\\htdocs\\Project\\MTSc\\Sosecure.co.th\\threat-intelligent-center\\vendor\\laravel\\framework\\src\\Illuminate\\Routing\\Pipeline.php(53): Illuminate\\Pipeline\\Pipeline->Illuminate\\Pipeline\\{closure}(Object(Illuminate\\Http\\Request))
#39 C:\\xampp\\htdocs\\Project\\MTSc\\Sosecure.co.th\\threat-intelligent-center\\app\\Http\\Middleware\\CheckBanned.php(17): Illuminate\\Routing\\Pipeline->Illuminate\\Routing\\{closure}(Object(Illuminate\\Http\\Request))
#40 C:\\xampp\\htdocs\\Project\\MTSc\\Sosecure.co.th\\threat-intelligent-center\\vendor\\laravel\\framework\\src\\Illuminate\\Pipeline\\Pipeline.php(163): App\\Http\\Middleware\\CheckBanned->handle(Object(Illuminate\\Http\\Request), Object(Closure))
#41 C:\\xampp\\htdocs\\Project\\MTSc\\Sosecure.co.th\\threat-intelligent-center\\vendor\\laravel\\framework\\src\\Illuminate\\Routing\\Pipeline.php(53): Illuminate\\Pipeline\\Pipeline->Illuminate\\Pipeline\\{closure}(Object(Illuminate\\Http\\Request))
#42 C:\\xampp\\htdocs\\Project\\MTSc\\Sosecure.co.th\\threat-intelligent-center\\app\\Http\\Middleware\\Workice.php(24): Illuminate\\Routing\\Pipeline->Illuminate\\Routing\\{closure}(Object(Illuminate\\Http\\Request))
#43 C:\\xampp\\htdocs\\Project\\MTSc\\Sosecure.co.th\\threat-intelligent-center\\vendor\\laravel\\framework\\src\\Illuminate\\Pipeline\\Pipeline.php(163): App\\Http\\Middleware\\Workice->handle(Object(Illuminate\\Http\\Request), Object(Closure))
#44 C:\\xampp\\htdocs\\Project\\MTSc\\Sosecure.co.th\\threat-intelligent-center\\vendor\\laravel\\framework\\src\\Illuminate\\Routing\\Pipeline.php(53): Illuminate\\Pipeline\\Pipeline->Illuminate\\Pipeline\\{closure}(Object(Illuminate\\Http\\Request))
#45 C:\\xampp\\htdocs\\Project\\MTSc\\Sosecure.co.th\\threat-intelligent-center\\app\\Http\\Middleware\\Locale.php(29): Illuminate\\Routing\\Pipeline->Illuminate\\Routing\\{closure}(Object(Illuminate\\Http\\Request))
#46 C:\\xampp\\htdocs\\Project\\MTSc\\Sosecure.co.th\\threat-intelligent-center\\vendor\\laravel\\framework\\src\\Illuminate\\Pipeline\\Pipeline.php(163): App\\Http\\Middleware\\Locale->handle(Object(Illuminate\\Http\\Request), Object(Closure))
#47 C:\\xampp\\htdocs\\Project\\MTSc\\Sosecure.co.th\\threat-intelligent-center\\vendor\\laravel\\framework\\src\\Illuminate\\Routing\\Pipeline.php(53): Illuminate\\Pipeline\\Pipeline->Illuminate\\Pipeline\\{closure}(Object(Illuminate\\Http\\Request))
#48 C:\\xampp\\htdocs\\Project\\MTSc\\Sosecure.co.th\\threat-intelligent-center\\vendor\\laravel\\passport\\src\\Http\\Middleware\\CreateFreshApiToken.php(50): Illuminate\\Routing\\Pipeline->Illuminate\\Routing\\{closure}(Object(Illuminate\\Http\\Request))
#49 C:\\xampp\\htdocs\\Project\\MTSc\\Sosecure.co.th\\threat-intelligent-center\\vendor\\laravel\\framework\\src\\Illuminate\\Pipeline\\Pipeline.php(163): Laravel\\Passport\\Http\\Middleware\\CreateFreshApiToken->handle(Object(Illuminate\\Http\\Request), Object(Closure))
#50 C:\\xampp\\htdocs\\Project\\MTSc\\Sosecure.co.th\\threat-intelligent-center\\vendor\\laravel\\framework\\src\\Illuminate\\Routing\\Pipeline.php(53): Illuminate\\Pipeline\\Pipeline->Illuminate\\Pipeline\\{closure}(Object(Illuminate\\Http\\Request))
#51 C:\\xampp\\htdocs\\Project\\MTSc\\Sosecure.co.th\\threat-intelligent-center\\vendor\\laravel\\framework\\src\\Illuminate\\Http\\Middleware\\FrameGuard.php(18): Illuminate\\Routing\\Pipeline->Illuminate\\Routing\\{closure}(Object(Illuminate\\Http\\Request))
#52 C:\\xampp\\htdocs\\Project\\MTSc\\Sosecure.co.th\\threat-intelligent-center\\vendor\\laravel\\framework\\src\\Illuminate\\Pipeline\\Pipeline.php(163): Illuminate\\Http\\Middleware\\FrameGuard->handle(Object(Illuminate\\Http\\Request), Object(Closure))
#53 C:\\xampp\\htdocs\\Project\\MTSc\\Sosecure.co.th\\threat-intelligent-center\\vendor\\laravel\\framework\\src\\Illuminate\\Routing\\Pipeline.php(53): Illuminate\\Pipeline\\Pipeline->Illuminate\\Pipeline\\{closure}(Object(Illuminate\\Http\\Request))
#54 C:\\xampp\\htdocs\\Project\\MTSc\\Sosecure.co.th\\threat-intelligent-center\\vendor\\laravel\\framework\\src\\Illuminate\\Routing\\Middleware\\SubstituteBindings.php(41): Illuminate\\Routing\\Pipeline->Illuminate\\Routing\\{closure}(Object(Illuminate\\Http\\Request))
#55 C:\\xampp\\htdocs\\Project\\MTSc\\Sosecure.co.th\\threat-intelligent-center\\vendor\\laravel\\framework\\src\\Illuminate\\Pipeline\\Pipeline.php(163): Illuminate\\Routing\\Middleware\\SubstituteBindings->handle(Object(Illuminate\\Http\\Request), Object(Closure))
#56 C:\\xampp\\htdocs\\Project\\MTSc\\Sosecure.co.th\\threat-intelligent-center\\vendor\\laravel\\framework\\src\\Illuminate\\Routing\\Pipeline.php(53): Illuminate\\Pipeline\\Pipeline->Illuminate\\Pipeline\\{closure}(Object(Illuminate\\Http\\Request))
#57 C:\\xampp\\htdocs\\Project\\MTSc\\Sosecure.co.th\\threat-intelligent-center\\vendor\\laravel\\framework\\src\\Illuminate\\Foundation\\Http\\Middleware\\VerifyCsrfToken.php(75): Illuminate\\Routing\\Pipeline->Illuminate\\Routing\\{closure}(Object(Illuminate\\Http\\Request))
#58 C:\\xampp\\htdocs\\Project\\MTSc\\Sosecure.co.th\\threat-intelligent-center\\vendor\\laravel\\framework\\src\\Illuminate\\Pipeline\\Pipeline.php(163): Illuminate\\Foundation\\Http\\Middleware\\VerifyCsrfToken->handle(Object(Illuminate\\Http\\Request), Object(Closure))
#59 C:\\xampp\\htdocs\\Project\\MTSc\\Sosecure.co.th\\threat-intelligent-center\\vendor\\laravel\\framework\\src\\Illuminate\\Routing\\Pipeline.php(53): Illuminate\\Pipeline\\Pipeline->Illuminate\\Pipeline\\{closure}(Object(Illuminate\\Http\\Request))
#60 C:\\xampp\\htdocs\\Project\\MTSc\\Sosecure.co.th\\threat-intelligent-center\\vendor\\laravel\\framework\\src\\Illuminate\\View\\Middleware\\ShareErrorsFromSession.php(49): Illuminate\\Routing\\Pipeline->Illuminate\\Routing\\{closure}(Object(Illuminate\\Http\\Request))
#61 C:\\xampp\\htdocs\\Project\\MTSc\\Sosecure.co.th\\threat-intelligent-center\\vendor\\laravel\\framework\\src\\Illuminate\\Pipeline\\Pipeline.php(163): Illuminate\\View\\Middleware\\ShareErrorsFromSession->handle(Object(Illuminate\\Http\\Request), Object(Closure))
#62 C:\\xampp\\htdocs\\Project\\MTSc\\Sosecure.co.th\\threat-intelligent-center\\vendor\\laravel\\framework\\src\\Illuminate\\Routing\\Pipeline.php(53): Illuminate\\Pipeline\\Pipeline->Illuminate\\Pipeline\\{closure}(Object(Illuminate\\Http\\Request))
#63 C:\\xampp\\htdocs\\Project\\MTSc\\Sosecure.co.th\\threat-intelligent-center\\vendor\\laravel\\framework\\src\\Illuminate\\Session\\Middleware\\StartSession.php(63): Illuminate\\Routing\\Pipeline->Illuminate\\Routing\\{closure}(Object(Illuminate\\Http\\Request))
#64 C:\\xampp\\htdocs\\Project\\MTSc\\Sosecure.co.th\\threat-intelligent-center\\vendor\\laravel\\framework\\src\\Illuminate\\Pipeline\\Pipeline.php(163): Illuminate\\Session\\Middleware\\StartSession->handle(Object(Illuminate\\Http\\Request), Object(Closure))
#65 C:\\xampp\\htdocs\\Project\\MTSc\\Sosecure.co.th\\threat-intelligent-center\\vendor\\laravel\\framework\\src\\Illuminate\\Routing\\Pipeline.php(53): Illuminate\\Pipeline\\Pipeline->Illuminate\\Pipeline\\{closure}(Object(Illuminate\\Http\\Request))
#66 C:\\xampp\\htdocs\\Project\\MTSc\\Sosecure.co.th\\threat-intelligent-center\\vendor\\laravel\\framework\\src\\Illuminate\\Cookie\\Middleware\\AddQueuedCookiesToResponse.php(37): Illuminate\\Routing\\Pipeline->Illuminate\\Routing\\{closure}(Object(Illuminate\\Http\\Request))
#67 C:\\xampp\\htdocs\\Project\\MTSc\\Sosecure.co.th\\threat-intelligent-center\\vendor\\laravel\\framework\\src\\Illuminate\\Pipeline\\Pipeline.php(163): Illuminate\\Cookie\\Middleware\\AddQueuedCookiesToResponse->handle(Object(Illuminate\\Http\\Request), Object(Closure))
#68 C:\\xampp\\htdocs\\Project\\MTSc\\Sosecure.co.th\\threat-intelligent-center\\vendor\\laravel\\framework\\src\\Illuminate\\Routing\\Pipeline.php(53): Illuminate\\Pipeline\\Pipeline->Illuminate\\Pipeline\\{closure}(Object(Illuminate\\Http\\Request))
#69 C:\\xampp\\htdocs\\Project\\MTSc\\Sosecure.co.th\\threat-intelligent-center\\vendor\\laravel\\framework\\src\\Illuminate\\Cookie\\Middleware\\EncryptCookies.php(66): Illuminate\\Routing\\Pipeline->Illuminate\\Routing\\{closure}(Object(Illuminate\\Http\\Request))
#70 C:\\xampp\\htdocs\\Project\\MTSc\\Sosecure.co.th\\threat-intelligent-center\\vendor\\laravel\\framework\\src\\Illuminate\\Pipeline\\Pipeline.php(163): Illuminate\\Cookie\\Middleware\\EncryptCookies->handle(Object(Illuminate\\Http\\Request), Object(Closure))
#71 C:\\xampp\\htdocs\\Project\\MTSc\\Sosecure.co.th\\threat-intelligent-center\\vendor\\laravel\\framework\\src\\Illuminate\\Routing\\Pipeline.php(53): Illuminate\\Pipeline\\Pipeline->Illuminate\\Pipeline\\{closure}(Object(Illuminate\\Http\\Request))
#72 C:\\xampp\\htdocs\\Project\\MTSc\\Sosecure.co.th\\threat-intelligent-center\\vendor\\laravel\\framework\\src\\Illuminate\\Pipeline\\Pipeline.php(104): Illuminate\\Routing\\Pipeline->Illuminate\\Routing\\{closure}(Object(Illuminate\\Http\\Request))
#73 C:\\xampp\\htdocs\\Project\\MTSc\\Sosecure.co.th\\threat-intelligent-center\\vendor\\laravel\\framework\\src\\Illuminate\\Routing\\Router.php(684): Illuminate\\Pipeline\\Pipeline->then(Object(Closure))
#74 C:\\xampp\\htdocs\\Project\\MTSc\\Sosecure.co.th\\threat-intelligent-center\\vendor\\laravel\\framework\\src\\Illuminate\\Routing\\Router.php(659): Illuminate\\Routing\\Router->runRouteWithinStack(Object(Illuminate\\Routing\\Route), Object(Illuminate\\Http\\Request))
#75 C:\\xampp\\htdocs\\Project\\MTSc\\Sosecure.co.th\\threat-intelligent-center\\vendor\\laravel\\framework\\src\\Illuminate\\Routing\\Router.php(625): Illuminate\\Routing\\Router->runRoute(Object(Illuminate\\Http\\Request), Object(Illuminate\\Routing\\Route))
#76 C:\\xampp\\htdocs\\Project\\MTSc\\Sosecure.co.th\\threat-intelligent-center\\vendor\\laravel\\framework\\src\\Illuminate\\Routing\\Router.php(614): Illuminate\\Routing\\Router->dispatchToRoute(Object(Illuminate\\Http\\Request))
#77 C:\\xampp\\htdocs\\Project\\MTSc\\Sosecure.co.th\\threat-intelligent-center\\vendor\\laravel\\framework\\src\\Illuminate\\Foundation\\Http\\Kernel.php(176): Illuminate\\Routing\\Router->dispatch(Object(Illuminate\\Http\\Request))
#78 C:\\xampp\\htdocs\\Project\\MTSc\\Sosecure.co.th\\threat-intelligent-center\\vendor\\laravel\\framework\\src\\Illuminate\\Routing\\Pipeline.php(30): Illuminate\\Foundation\\Http\\Kernel->Illuminate\\Foundation\\Http\\{closure}(Object(Illuminate\\Http\\Request))
#79 C:\\xampp\\htdocs\\Project\\MTSc\\Sosecure.co.th\\threat-intelligent-center\\app\\Http\\Middleware\\OverrideConfig.php(22): Illuminate\\Routing\\Pipeline->Illuminate\\Routing\\{closure}(Object(Illuminate\\Http\\Request))
#80 C:\\xampp\\htdocs\\Project\\MTSc\\Sosecure.co.th\\threat-intelligent-center\\vendor\\laravel\\framework\\src\\Illuminate\\Pipeline\\Pipeline.php(163): App\\Http\\Middleware\\OverrideConfig->handle(Object(Illuminate\\Http\\Request), Object(Closure))
#81 C:\\xampp\\htdocs\\Project\\MTSc\\Sosecure.co.th\\threat-intelligent-center\\vendor\\laravel\\framework\\src\\Illuminate\\Routing\\Pipeline.php(53): Illuminate\\Pipeline\\Pipeline->Illuminate\\Pipeline\\{closure}(Object(Illuminate\\Http\\Request))
#82 C:\\xampp\\htdocs\\Project\\MTSc\\Sosecure.co.th\\threat-intelligent-center\\vendor\\fideloper\\proxy\\src\\TrustProxies.php(57): Illuminate\\Routing\\Pipeline->Illuminate\\Routing\\{closure}(Object(Illuminate\\Http\\Request))
#83 C:\\xampp\\htdocs\\Project\\MTSc\\Sosecure.co.th\\threat-intelligent-center\\vendor\\laravel\\framework\\src\\Illuminate\\Pipeline\\Pipeline.php(163): Fideloper\\Proxy\\TrustProxies->handle(Object(Illuminate\\Http\\Request), Object(Closure))
#84 C:\\xampp\\htdocs\\Project\\MTSc\\Sosecure.co.th\\threat-intelligent-center\\vendor\\laravel\\framework\\src\\Illuminate\\Routing\\Pipeline.php(53): Illuminate\\Pipeline\\Pipeline->Illuminate\\Pipeline\\{closure}(Object(Illuminate\\Http\\Request))
#85 C:\\xampp\\htdocs\\Project\\MTSc\\Sosecure.co.th\\threat-intelligent-center\\vendor\\bepsvpt\\secure-headers\\src\\SecureHeadersMiddleware.php(21): Illuminate\\Routing\\Pipeline->Illuminate\\Routing\\{closure}(Object(Illuminate\\Http\\Request))
#86 C:\\xampp\\htdocs\\Project\\MTSc\\Sosecure.co.th\\threat-intelligent-center\\vendor\\laravel\\framework\\src\\Illuminate\\Pipeline\\Pipeline.php(163): Bepsvpt\\SecureHeaders\\SecureHeadersMiddleware->handle(Object(Illuminate\\Http\\Request), Object(Closure))
#87 C:\\xampp\\htdocs\\Project\\MTSc\\Sosecure.co.th\\threat-intelligent-center\\vendor\\laravel\\framework\\src\\Illuminate\\Routing\\Pipeline.php(53): Illuminate\\Pipeline\\Pipeline->Illuminate\\Pipeline\\{closure}(Object(Illuminate\\Http\\Request))
#88 C:\\xampp\\htdocs\\Project\\MTSc\\Sosecure.co.th\\threat-intelligent-center\\app\\Http\\Middleware\\FilterIfPjax.php(27): Illuminate\\Routing\\Pipeline->Illuminate\\Routing\\{closure}(Object(Illuminate\\Http\\Request))
#89 C:\\xampp\\htdocs\\Project\\MTSc\\Sosecure.co.th\\threat-intelligent-center\\vendor\\laravel\\framework\\src\\Illuminate\\Pipeline\\Pipeline.php(163): App\\Http\\Middleware\\FilterIfPjax->handle(Object(Illuminate\\Http\\Request), Object(Closure))
#90 C:\\xampp\\htdocs\\Project\\MTSc\\Sosecure.co.th\\threat-intelligent-center\\vendor\\laravel\\framework\\src\\Illuminate\\Routing\\Pipeline.php(53): Illuminate\\Pipeline\\Pipeline->Illuminate\\Pipeline\\{closure}(Object(Illuminate\\Http\\Request))
#91 C:\\xampp\\htdocs\\Project\\MTSc\\Sosecure.co.th\\threat-intelligent-center\\app\\Http\\Middleware\\CheckXSS.php(27): Illuminate\\Routing\\Pipeline->Illuminate\\Routing\\{closure}(Object(Illuminate\\Http\\Request))
#92 C:\\xampp\\htdocs\\Project\\MTSc\\Sosecure.co.th\\threat-intelligent-center\\vendor\\laravel\\framework\\src\\Illuminate\\Pipeline\\Pipeline.php(163): App\\Http\\Middleware\\CheckXSS->handle(Object(Illuminate\\Http\\Request), Object(Closure))
#93 C:\\xampp\\htdocs\\Project\\MTSc\\Sosecure.co.th\\threat-intelligent-center\\vendor\\laravel\\framework\\src\\Illuminate\\Routing\\Pipeline.php(53): Illuminate\\Pipeline\\Pipeline->Illuminate\\Pipeline\\{closure}(Object(Illuminate\\Http\\Request))
#94 C:\\xampp\\htdocs\\Project\\MTSc\\Sosecure.co.th\\threat-intelligent-center\\vendor\enatomarinho\\laravel-page-speed\\src\\Middleware\\PageSpeed.php(28): Illuminate\\Routing\\Pipeline->Illuminate\\Routing\\{closure}(Object(Illuminate\\Http\\Request))
#95 C:\\xampp\\htdocs\\Project\\MTSc\\Sosecure.co.th\\threat-intelligent-center\\vendor\\laravel\\framework\\src\\Illuminate\\Pipeline\\Pipeline.php(163): RenatoMarinho\\LaravelPageSpeed\\Middleware\\PageSpeed->handle(Object(Illuminate\\Http\\Request), Object(Closure))
#96 C:\\xampp\\htdocs\\Project\\MTSc\\Sosecure.co.th\\threat-intelligent-center\\vendor\\laravel\\framework\\src\\Illuminate\\Routing\\Pipeline.php(53): Illuminate\\Pipeline\\Pipeline->Illuminate\\Pipeline\\{closure}(Object(Illuminate\\Http\\Request))
#97 C:\\xampp\\htdocs\\Project\\MTSc\\Sosecure.co.th\\threat-intelligent-center\\vendor\enatomarinho\\laravel-page-speed\\src\\Middleware\\PageSpeed.php(28): Illuminate\\Routing\\Pipeline->Illuminate\\Routing\\{closure}(Object(Illuminate\\Http\\Request))
#98 C:\\xampp\\htdocs\\Project\\MTSc\\Sosecure.co.th\\threat-intelligent-center\\vendor\\laravel\\framework\\src\\Illuminate\\Pipeline\\Pipeline.php(163): RenatoMarinho\\LaravelPageSpeed\\Middleware\\PageSpeed->handle(Object(Illuminate\\Http\\Request), Object(Closure))
#99 C:\\xampp\\htdocs\\Project\\MTSc\\Sosecure.co.th\\threat-intelligent-center\\vendor\\laravel\\framework\\src\\Illuminate\\Routing\\Pipeline.php(53): Illuminate\\Pipeline\\Pipeline->Illuminate\\Pipeline\\{closure}(Object(Illuminate\\Http\\Request))
#100 C:\\xampp\\htdocs\\Project\\MTSc\\Sosecure.co.th\\threat-intelligent-center\\vendor\enatomarinho\\laravel-page-speed\\src\\Middleware\\PageSpeed.php(28): Illuminate\\Routing\\Pipeline->Illuminate\\Routing\\{closure}(Object(Illuminate\\Http\\Request))
#101 C:\\xampp\\htdocs\\Project\\MTSc\\Sosecure.co.th\\threat-intelligent-center\\vendor\\laravel\\framework\\src\\Illuminate\\Pipeline\\Pipeline.php(163): RenatoMarinho\\LaravelPageSpeed\\Middleware\\PageSpeed->handle(Object(Illuminate\\Http\\Request), Object(Closure))
#102 C:\\xampp\\htdocs\\Project\\MTSc\\Sosecure.co.th\\threat-intelligent-center\\vendor\\laravel\\framework\\src\\Illuminate\\Routing\\Pipeline.php(53): Illuminate\\Pipeline\\Pipeline->Illuminate\\Pipeline\\{closure}(Object(Illuminate\\Http\\Request))
#103 C:\\xampp\\htdocs\\Project\\MTSc\\Sosecure.co.th\\threat-intelligent-center\\vendor\\laravel\\framework\\src\\Illuminate\\Foundation\\Http\\Middleware\\TransformsRequest.php(31): Illuminate\\Routing\\Pipeline->Illuminate\\Routing\\{closure}(Object(Illuminate\\Http\\Request))
#104 C:\\xampp\\htdocs\\Project\\MTSc\\Sosecure.co.th\\threat-intelligent-center\\vendor\\laravel\\framework\\src\\Illuminate\\Pipeline\\Pipeline.php(163): Illuminate\\Foundation\\Http\\Middleware\\TransformsRequest->handle(Object(Illuminate\\Http\\Request), Object(Closure))
#105 C:\\xampp\\htdocs\\Project\\MTSc\\Sosecure.co.th\\threat-intelligent-center\\vendor\\laravel\\framework\\src\\Illuminate\\Routing\\Pipeline.php(53): Illuminate\\Pipeline\\Pipeline->Illuminate\\Pipeline\\{closure}(Object(Illuminate\\Http\\Request))
#106 C:\\xampp\\htdocs\\Project\\MTSc\\Sosecure.co.th\\threat-intelligent-center\\vendor\\laravel\\framework\\src\\Illuminate\\Foundation\\Http\\Middleware\\TransformsRequest.php(31): Illuminate\\Routing\\Pipeline->Illuminate\\Routing\\{closure}(Object(Illuminate\\Http\\Request))
#107 C:\\xampp\\htdocs\\Project\\MTSc\\Sosecure.co.th\\threat-intelligent-center\\vendor\\laravel\\framework\\src\\Illuminate\\Pipeline\\Pipeline.php(163): Illuminate\\Foundation\\Http\\Middleware\\TransformsRequest->handle(Object(Illuminate\\Http\\Request), Object(Closure))
#108 C:\\xampp\\htdocs\\Project\\MTSc\\Sosecure.co.th\\threat-intelligent-center\\vendor\\laravel\\framework\\src\\Illuminate\\Routing\\Pipeline.php(53): Illuminate\\Pipeline\\Pipeline->Illuminate\\Pipeline\\{closure}(Object(Illuminate\\Http\\Request))
#109 C:\\xampp\\htdocs\\Project\\MTSc\\Sosecure.co.th\\threat-intelligent-center\\vendor\\laravel\\framework\\src\\Illuminate\\Foundation\\Http\\Middleware\\ValidatePostSize.php(27): Illuminate\\Routing\\Pipeline->Illuminate\\Routing\\{closure}(Object(Illuminate\\Http\\Request))
#110 C:\\xampp\\htdocs\\Project\\MTSc\\Sosecure.co.th\\threat-intelligent-center\\vendor\\laravel\\framework\\src\\Illuminate\\Pipeline\\Pipeline.php(163): Illuminate\\Foundation\\Http\\Middleware\\ValidatePostSize->handle(Object(Illuminate\\Http\\Request), Object(Closure))
#111 C:\\xampp\\htdocs\\Project\\MTSc\\Sosecure.co.th\\threat-intelligent-center\\vendor\\laravel\\framework\\src\\Illuminate\\Routing\\Pipeline.php(53): Illuminate\\Pipeline\\Pipeline->Illuminate\\Pipeline\\{closure}(Object(Illuminate\\Http\\Request))
#112 C:\\xampp\\htdocs\\Project\\MTSc\\Sosecure.co.th\\threat-intelligent-center\\vendor\\laravel\\framework\\src\\Illuminate\\Foundation\\Http\\Middleware\\CheckForMaintenanceMode.php(62): Illuminate\\Routing\\Pipeline->Illuminate\\Routing\\{closure}(Object(Illuminate\\Http\\Request))
#113 C:\\xampp\\htdocs\\Project\\MTSc\\Sosecure.co.th\\threat-intelligent-center\\vendor\\laravel\\framework\\src\\Illuminate\\Pipeline\\Pipeline.php(163): Illuminate\\Foundation\\Http\\Middleware\\CheckForMaintenanceMode->handle(Object(Illuminate\\Http\\Request), Object(Closure))
#114 C:\\xampp\\htdocs\\Project\\MTSc\\Sosecure.co.th\\threat-intelligent-center\\vendor\\laravel\\framework\\src\\Illuminate\\Routing\\Pipeline.php(53): Illuminate\\Pipeline\\Pipeline->Illuminate\\Pipeline\\{closure}(Object(Illuminate\\Http\\Request))
#115 C:\\xampp\\htdocs\\Project\\MTSc\\Sosecure.co.th\\threat-intelligent-center\\vendor\\laravel\\framework\\src\\Illuminate\\Pipeline\\Pipeline.php(104): Illuminate\\Routing\\Pipeline->Illuminate\\Routing\\{closure}(Object(Illuminate\\Http\\Request))
#116 C:\\xampp\\htdocs\\Project\\MTSc\\Sosecure.co.th\\threat-intelligent-center\\vendor\\laravel\\framework\\src\\Illuminate\\Foundation\\Http\\Kernel.php(151): Illuminate\\Pipeline\\Pipeline->then(Object(Closure))
#117 C:\\xampp\\htdocs\\Project\\MTSc\\Sosecure.co.th\\threat-intelligent-center\\vendor\\laravel\\framework\\src\\Illuminate\\Foundation\\Http\\Kernel.php(116): Illuminate\\Foundation\\Http\\Kernel->sendRequestThroughRouter(Object(Illuminate\\Http\\Request))
#118 C:\\xampp\\htdocs\\Project\\MTSc\\Sosecure.co.th\\threat-intelligent-center\\public\\index.php(53): Illuminate\\Foundation\\Http\\Kernel->handle(Object(Illuminate\\Http\\Request))
#119 C:\\xampp\\htdocs\\Project\\MTSc\\Sosecure.co.th\\threat-intelligent-center\\server.php(21): require_once('C:\\\\xampp\\\\htdocs...')
#120 {main}
"} 
